// Vitest Snapshot v1, https://vitest.dev/guide/snapshot.html

exports[`Aside component > renders component 1`] = `
<div>
  <aside>
    <div
      class="title-container"
    >
      <img
        alt="a normal pokeball as a logo of the page"
        id="logo"
        src="/src/assets/pokeball-logo.jpg"
      />
      <h1>
        Pokememory
      </h1>
      <div
        class="icon-container"
      >
        <i
          class="fa-solid fa-circle-question"
        />
        <a
          href="https://github.com/MMadlos/memory-card-game"
          rel="noreferrer"
          target="_blank"
        >
          <i
            class="fa-brands fa-github"
          />
        </a>
      </div>
    </div>
    <div
      class="level-container"
    >
      <label
        for="level"
      >
        Nivel
      </label>
      <select
        id="level"
        name="level"
      >
        <option
          value="easy"
        >
          Fácil
        </option>
        <option
          value="medium"
        >
          Normal
        </option>
        <option
          value="hard"
        >
          Difícil
        </option>
      </select>
    </div>
    <div
      class="points-container"
    >
      <div
        class="current-container"
      >
        <p
          class="points-title"
        >
          Puntuación actual
        </p>
        <p
          class="points"
        >
          0
        </p>
      </div>
      <div
        class="max-container"
      >
        <p
          class="points-title"
        >
          Máxima puntuación
        </p>
        <p
          class="points"
        >
          0
        </p>
      </div>
    </div>
    <div
      class="buttons-container"
    >
      <button
        id="instructions"
      >
        Instrucciones
      </button>
      <a
        href="https://github.com/MMadlos/memory-card-game"
        id="github"
        rel="noreferrer"
        target="_blank"
      >
         
        <i
          class="fa-brands fa-github"
        />
         Ver en github
      </a>
    </div>
  </aside>
</div>
`;
